[truth] queries=975 features=7174 proteins_with_features=866 disordered_unconfirmed=1241
shape: (6, 5)
┌──────────────────────────┬──────────────┬──────────────┬──────────┬──────────────────┐
│ feature_kind             ┆ all_evidence ┆ experimental ┆ proteins ┆ median_length_aa │
│ ---                      ┆ ---          ┆ ---          ┆ ---      ┆ ---              │
│ str                      ┆ i64          ┆ i64          ┆ i64      ┆ f64              │
╞══════════════════════════╪══════════════╪══════════════╪══════════╪══════════════════╡
│ folded_domain            ┆ 907          ┆ 6            ┆ 396      ┆ 103.0            │
│ motif                    ┆ 179          ┆ 37           ┆ 134      ┆ 5.0              │
│ disordered               ┆ 45           ┆ 0            ┆ 30       ┆ 43.0             │
│ composition              ┆ 3185         ┆ 80           ┆ 686      ┆ 20.0             │
│ other                    ┆ 2858         ┆ 185          ┆ 675      ┆ 37.0             │
│ short (<60 aa, any kind) ┆ 5460         ┆ 210          ┆ 818      ┆ 21.0             │
└──────────────────────────┴──────────────┴──────────────┴──────────┴──────────────────┘
shape: (4, 3)
┌────────────────────┬──────────┬──────────┐
│ gene_group         ┆ proteins ┆ features │
│ ---                ┆ ---      ┆ ---      │
│ str                ┆ u32      ┆ u32      │
╞════════════════════╪══════════╪══════════╡
│ MHC                ┆ 18       ┆ 107      │
│ histone            ┆ 26       ┆ 86       │
│ none               ┆ 805      ┆ 6862     │
│ olfactory_receptor ┆ 17       ┆ 119      │
└────────────────────┴──────────┴──────────┘
